// Jest Snapshot v1, https://goo.gl/fbAQLP

exports[`matches the snapshot 1`] = `
<div
  className="experience container-fluid"
>
  <div
    className="col"
  >
    <div
      className="row"
    >
      <h2>
        Experience
      </h2>
    </div>
    <div
      className="col"
    >
      <div
        className="row"
      >
        <div
          className="col-sm-3"
        >
          <div
            className="row"
          >
            <a
              href="https://squ.re/3DxM7U2"
              onClick={[Function]}
              target="square"
            >
              <img
                alt="square"
                src="square.png"
              />
            </a>
          </div>
          <div
            className="row"
          >
            <h3>
              Senior Software Engineer
            </h3>
          </div>
          <div
            className="row"
          >
            <h4>
              Square
            </h4>
          </div>
        </div>
      </div>
      <div
        className="row"
      >
        <div
          className="col-sm-3"
        >
          <div
            className="row"
          >
            <a
              href="https://bit.ly/twitter_home"
              onClick={[Function]}
              target="twitter"
            >
              <img
                alt="twitter"
                src="twitter.png"
              />
            </a>
          </div>
          <div
            className="row"
          >
            <h3>
              Software Engineer
            </h3>
          </div>
          <div
            className="row"
          >
            <h4>
              Twitter
            </h4>
          </div>
        </div>
        <div
          className="col-sm-3"
        >
          <div
            className="row"
          >
            <a
              href="https://bit.ly/tunnelbear_home"
              onClick={[Function]}
              target="tunnelbear"
            >
              <img
                alt="tunnelbear"
                src="tunnelbear.png"
              />
            </a>
          </div>
          <div
            className="row"
          >
            <h3>
              Software Engineer
            </h3>
          </div>
          <div
            className="row"
          >
            <h4>
              TunnelBear
            </h4>
          </div>
        </div>
        <div
          className="col-sm-3"
        >
          <div
            className="row"
          >
            <a
              href="https://bit.ly/pagerduty_home"
              onClick={[Function]}
              target="pagerduty"
            >
              <img
                alt="pagerduty"
                src="pagerduty.png"
              />
            </a>
          </div>
          <div
            className="row"
          >
            <h3>
              Software Engineer Intern
            </h3>
          </div>
          <div
            className="row"
          >
            <h4>
              PagerDuty
            </h4>
          </div>
        </div>
      </div>
      <div
        className="row"
      >
        <div
          className="col-sm-3"
        >
          <div
            className="row"
          >
            <a
              href="https://bit.ly/wattpad_home"
              onClick={[Function]}
              target="wattpad"
            >
              <img
                alt="wattpad"
                src="wattpad.png"
              />
            </a>
          </div>
          <div
            className="row"
          >
            <h3>
              Software Engineer Intern
            </h3>
          </div>
          <div
            className="row"
          >
            <h4>
              Wattpad
            </h4>
          </div>
        </div>
        <div
          className="col-sm-3"
        >
          <div
            className="row"
          >
            <a
              href="https://bit.ly/capitalone_home"
              onClick={[Function]}
              target="capital-one"
            >
              <img
                alt="capital-one"
                src="capital-one.png"
              />
            </a>
          </div>
          <div
            className="row"
          >
            <h3>
              Software Engineer Intern
            </h3>
          </div>
          <div
            className="row"
          >
            <h4>
              Capital One
            </h4>
          </div>
        </div>
        <div
          className="col-sm-3"
        >
          <div
            className="row"
          >
            <a
              href="https://bit.ly/bmo_home"
              onClick={[Function]}
              target="bmo"
            >
              <img
                alt="bmo"
                src="bmo.png"
              />
            </a>
          </div>
          <div
            className="row"
          >
            <h3>
              Software Engineer Intern
            </h3>
          </div>
          <div
            className="row"
          >
            <h4>
              Bank of Montreal
            </h4>
          </div>
        </div>
      </div>
    </div>
  </div>
</div>
`;
